Date: 2023-11-08

Author: Zach

Description: This is a sample log file.

a|b|c|d|e|f
0|1|2|1|0|1
0|1|2|1|0|1
0|1|2|1|0|1
0|1|2|1|0|1
0|1|2|1|0|1
0|1|2|1|0|1
0|1|2|1|0|1
0|1|2|1|0|1
